// Jest Snapshot v1, https://goo.gl/fbAQLP

exports[`Pruebas en <GifItem/> Debe de hacer match con el snapshop 1`] = `
<div>
  <div
    class="card"
  >
    <img
      alt="Warren Buffet"
      src="https://codigo-buffetologia.com/codigoGraham.jpg"
    />
    <p>
      Warren Buffet
    </p>
  </div>
</div>
`;
